// Jest Snapshot v1, https://goo.gl/fbAQLP

exports[`<Button /> renders and match the snapshot 1`] = `[Function]`;
