// Jest Snapshot v1, https://goo.gl/fbAQLP

exports[`<CanvasRect /> renders and match the snapshot 1`] = `[Function]`;
