// Jest Snapshot v1, https://goo.gl/fbAQLP

exports[`<Image /> renders and match the snapshot 1`] = `[Function]`;
