// Jest Snapshot v1, https://goo.gl/fbAQLP

exports[`<Tag /> renders and match the snapshot 1`] = `[Function]`;
