// Jest Snapshot v1, https://goo.gl/fbAQLP

exports[`<Video /> renders and matches the snapshot 1`] = `[Function]`;
