// Jest Snapshot v1, https://goo.gl/fbAQLP

exports[`<LiveImage /> renders and match the snapshot 1`] = `[Function]`;
